// Jest Snapshot v1, https://goo.gl/fbAQLP

exports[`FooterComponent should match snapshot 1`] = `
<app-footer>
  <footer
    class="mdl-mega-footer"
  >
    <div
      class="mdl-mega-footer__middle-section"
    >
      <div
        class="mdl-mega-footer__drop-down-section"
      >
        <h1
          class="mdl-mega-footer__heading"
        >
          Assignment documentation
        </h1>
        <ul
          class="mdl-mega-footer__link-list"
        >
          <li>
            <a
              href="/doc.html#"
            >
              Documentation
            </a>
          </li>
          <li>
            <a
              href="/doc.html#requirements#"
            >
              Requirements
            </a>
          </li>
          <li>
            <a
              href="/doc.html#boilerplate"
            >
              Boilerplate
            </a>
          </li>
          <li>
            <a
              href="/doc.html#how-to-submit"
            >
              How to submit?
            </a>
          </li>
          <li>
            <a
              href="/doc.html#how-do-we-evaluate"
            >
              How do we evaluate?
            </a>
          </li>
        </ul>
      </div>
      <div
        class="mdl-mega-footer__drop-down-section"
      >
        <h1
          class="mdl-mega-footer__heading"
        >
          About Falcon.io
        </h1>
        <ul
          class="mdl-mega-footer__link-list"
        >
          <li>
            <a
              href="https://www.falcon.io/"
              target="_blank"
            >
              Home
            </a>
          </li>
          <li>
            <a
              href="https://www.falcon.io/company/"
              target="_blank"
            >
              Company
            </a>
          </li>
          <li>
            <a
              href="https://www.falcon.io/insights-hub/"
              target="_blank"
            >
              Blog
            </a>
          </li>
        </ul>
      </div>
    </div>
    <div
      class="mdl-mega-footer__bottom-section"
    >
      <div
        class="mdl-logo"
      >
        <img
          src="assets/falcon_logo_white.svg"
        />
      </div>
    </div>
  </footer>
</app-footer>
`;
