// Jest Snapshot v1, https://goo.gl/fbAQLP

exports[`HomeComponent should match snapshot 1`] = `
<app-home>
  <div
    class="flc-layout-bg mdl-layout mdl-js-layout"
  >
    <app-game />
  </div><app-footer />
</app-home>
`;
